// Jest Snapshot v1, https://goo.gl/fbAQLP

exports[`<ProtectedRouter/> should render Component 1`] = `null`;
