// Jest Snapshot v1, https://goo.gl/fbAQLP

exports[`<Main/> should render Component 1`] = `
<main
  class="sc-bdfBQB"
  id="main"
>
  Hello React Testing Library
</main>
`;
