// Jest Snapshot v1, https://goo.gl/fbAQLP

exports[`<RingLoader/> should render Component 1`] = `
<div
  class="sc-hTZgZg JXbcI"
/>
`;
