// Jest Snapshot v1, https://goo.gl/fbAQLP

exports[`<Button/> should render Component 1`] = `
<button
  class="sc-gTgzoy gUJGCG"
  color="#fff"
  shape="radius"
  width="80%"
>
  Radius
</button>
`;
